Release 14.6 - xst P.68d (nt64)
Copyright (c) 1995-2013 Xilinx, Inc.  All rights reserved.
--> Parameter TMPDIR set to xst/projnav.tmp


Total REAL time to Xst completion: 0.00 secs
Total CPU time to Xst completion: 0.36 secs
 
--> Parameter xsthdpdir set to xst


Total REAL time to Xst completion: 0.00 secs
Total CPU time to Xst completion: 0.37 secs
 
--> Reading design: alu.prj

TABLE OF CONTENTS
  1) Synthesis Options Summary
  2) HDL Parsing
  3) HDL Elaboration
  4) HDL Synthesis
       4.1) HDL Synthesis Report
  5) Advanced HDL Synthesis
       5.1) Advanced HDL Synthesis Report
  6) Low Level Synthesis
  7) Partition Report
  8) Design Summary
       8.1) Primitive and Black Box Usage
       8.2) Device utilization summary
       8.3) Partition Resource Summary
       8.4) Timing Report
            8.4.1) Clock Information
            8.4.2) Asynchronous Control Signals Information
            8.4.3) Timing Summary
            8.4.4) Timing Details
            8.4.5) Cross Clock Domains Report


=========================================================================
*                      Synthesis Options Summary                        *
=========================================================================
---- Source Parameters
Input File Name                    : "alu.prj"
Ignore Synthesis Constraint File   : NO

---- Target Parameters
Output File Name                   : "alu"
Output Format                      : NGC
Target Device                      : xc7a100t-3-csg324

---- Source Options
Top Module Name                    : alu
Automatic FSM Extraction           : YES
FSM Encoding Algorithm             : Auto
Safe Implementation                : No
FSM Style                          : LUT
RAM Extraction                     : Yes
RAM Style                          : Auto
ROM Extraction                     : Yes
Shift Register Extraction          : YES
ROM Style                          : Auto
Resource Sharing                   : YES
Asynchronous To Synchronous        : NO
Shift Register Minimum Size        : 2
Use DSP Block                      : Auto
Automatic Register Balancing       : No

---- Target Options
LUT Combining                      : Auto
Reduce Control Sets                : Auto
Add IO Buffers                     : YES
Global Maximum Fanout              : 100000
Add Generic Clock Buffer(BUFG)     : 32
Register Duplication               : YES
Optimize Instantiated Primitives   : NO
Use Clock Enable                   : Auto
Use Synchronous Set                : Auto
Use Synchronous Reset              : Auto
Pack IO Registers into IOBs        : Auto
Equivalent register Removal        : YES

---- General Options
Optimization Goal                  : Speed
Optimization Effort                : 1
Power Reduction                    : NO
Keep Hierarchy                     : No
Netlist Hierarchy                  : As_Optimized
RTL Output                         : Yes
Global Optimization                : AllClockNets
Read Cores                         : YES
Write Timing Constraints           : NO
Cross Clock Analysis               : NO
Hierarchy Separator                : /
Bus Delimiter                      : <>
Case Specifier                     : Maintain
Slice Utilization Ratio            : 100
BRAM Utilization Ratio             : 100
DSP48 Utilization Ratio            : 100
Auto BRAM Packing                  : NO
Slice Utilization Ratio Delta      : 5

=========================================================================


=========================================================================
*                          HDL Parsing                                  *
=========================================================================
Parsing VHDL file "C:\Users\hp\Desktop\Projet VHDL\microprocesseur\up_pack.vhd" into library work
Parsing package <up_pack>.
Parsing package body <up_pack>.
Parsing VHDL file "C:\Users\hp\Desktop\Projet VHDL\microprocesseur\alu.vhdl" into library work
Parsing entity <alu>.
Parsing architecture <arch_alu> of entity <alu>.

=========================================================================
*                            HDL Elaboration                            *
=========================================================================

Elaborating entity <alu> (architecture <arch_alu>) from library <work>.
INFO:HDLCompiler:679 - "C:\Users\hp\Desktop\Projet VHDL\microprocesseur\alu.vhdl" Line 54. Case statement is complete. others clause is never selected

=========================================================================
*                           HDL Synthesis                               *
=========================================================================

Synthesizing Unit <alu>.
    Related source file is "C:\Users\hp\Desktop\Projet VHDL\microprocesseur\alu.vhdl".
    Found 16-bit adder for signal <A[15]_B[15]_add_0_OUT> created at line 48.
    Found 16-bit adder for signal <B[15]_GND_7_o_add_2_OUT> created at line 50.
    Found 16-bit subtractor for signal <A[15]_B[15]_sub_2_OUT<15:0>> created at line 49.
    Found 16-bit 7-to-1 multiplexer for signal <S> created at line 46.
    Summary:
	inferred   1 Adder/Subtractor(s).
	inferred   8 Multiplexer(s).
Unit <alu> synthesized.

=========================================================================
HDL Synthesis Report

Macro Statistics
# Adders/Subtractors                                   : 1
 16-bit addsub                                         : 1
# Multiplexers                                         : 8
 16-bit 2-to-1 multiplexer                             : 8
# Xors                                                 : 1
 16-bit xor2                                           : 1

=========================================================================
INFO:Xst:1767 - HDL ADVISOR - Resource sharing has identified that some arithmetic operations in this design can share the same physical resources for reduced device utilization. For improved clock frequency you may try to disable resource sharing.

=========================================================================
*                       Advanced HDL Synthesis                          *
=========================================================================


=========================================================================
Advanced HDL Synthesis Report

Macro Statistics
# Adders/Subtractors                                   : 1
 16-bit addsub                                         : 1
# Multiplexers                                         : 8
 16-bit 2-to-1 multiplexer                             : 8
# Xors                                                 : 1
 16-bit xor2                                           : 1

=========================================================================

=========================================================================
*                         Low Level Synthesis                           *
=========================================================================

Optimizing unit <alu> ...

Mapping all equations...
Building and optimizing final netlist ...
Found area constraint ratio of 100 (+ 5) on block alu, actual ratio is 0.

Final Macro Processing ...

=========================================================================
Final Register Report

Found no macro
=========================================================================

=========================================================================
*                           Partition Report                            *
=========================================================================

Partition Implementation Status
-------------------------------

  No Partitions were found in this design.

-------------------------------

=========================================================================
*                            Design Summary                             *
=========================================================================

Top Level Output File Name         : alu.ngc

Primitive and Black Box Usage:
------------------------------
# BELS                             : 79
#      INV                         : 1
#      LUT4                        : 31
#      LUT6                        : 16
#      MUXCY                       : 15
#      XORCY                       : 16
# IO Buffers                       : 51
#      IBUF                        : 35
#      OBUF                        : 16

Device utilization summary:
---------------------------

Selected Device : 7a100tcsg324-3 


Slice Logic Utilization: 
 Number of Slice LUTs:                   48  out of  63400     0%  
    Number used as Logic:                48  out of  63400     0%  

Slice Logic Distribution: 
 Number of LUT Flip Flop pairs used:     48
   Number with an unused Flip Flop:      48  out of     48   100%  
   Number with an unused LUT:             0  out of     48     0%  
   Number of fully used LUT-FF pairs:     0  out of     48     0%  
   Number of unique control sets:         0

IO Utilization: 
 Number of IOs:                          51
 Number of bonded IOBs:                  51  out of    210    24%  

Specific Feature Utilization:

---------------------------
Partition Resource Summary:
---------------------------

  No Partitions were found in this design.

---------------------------


=========================================================================
Timing Report

NOTE: THESE TIMING NUMBERS ARE ONLY A SYNTHESIS ESTIMATE.
      FOR ACCURATE TIMING INFORMATION PLEASE REFER TO THE TRACE REPORT
      GENERATED AFTER PLACE-and-ROUTE.

Clock Information:
------------------
No clock signals found in this design

Asynchronous Control Signals Information:
----------------------------------------
No asynchronous control signals found in this design

Timing Summary:
---------------
Speed Grade: -3

   Minimum period: No path found
   Minimum input arrival time before clock: No path found
   Maximum output required time after clock: No path found
   Maximum combinational path delay: 2.480ns

Timing Details:
---------------
All values displayed in nanoseconds (ns)

=========================================================================
Timing constraint: Default path analysis
  Total number of paths / destination ports: 1120 / 16
-------------------------------------------------------------------------
Delay:               2.480ns (Levels of Logic = 20)
  Source:            alufs<0> (PAD)
  Destination:       S<15> (PAD)

  Data Path: alufs<0> to S<15>
                                Gate     Net
    Cell:in->out      fanout   Delay   Delay  Logical Name (Net Name)
    ----------------------------------------  ------------
     IBUF:I->O            47   0.001   0.665  alufs_0_IBUF (alufs_0_IBUF)
     LUT4:I0->O            1   0.097   0.000  Mmux_S3_rs_lut<0> (Mmux_S3_rs_lut<0>)
     MUXCY:S->O            1   0.353   0.000  Mmux_S3_rs_cy<0> (Mmux_S3_rs_cy<0>)
     MUXCY:CI->O           1   0.023   0.000  Mmux_S3_rs_cy<1> (Mmux_S3_rs_cy<1>)
     MUXCY:CI->O           1   0.023   0.000  Mmux_S3_rs_cy<2> (Mmux_S3_rs_cy<2>)
     MUXCY:CI->O           1   0.023   0.000  Mmux_S3_rs_cy<3> (Mmux_S3_rs_cy<3>)
     MUXCY:CI->O           1   0.023   0.000  Mmux_S3_rs_cy<4> (Mmux_S3_rs_cy<4>)
     MUXCY:CI->O           1   0.023   0.000  Mmux_S3_rs_cy<5> (Mmux_S3_rs_cy<5>)
     MUXCY:CI->O           1   0.023   0.000  Mmux_S3_rs_cy<6> (Mmux_S3_rs_cy<6>)
     MUXCY:CI->O           1   0.023   0.000  Mmux_S3_rs_cy<7> (Mmux_S3_rs_cy<7>)
     MUXCY:CI->O           1   0.023   0.000  Mmux_S3_rs_cy<8> (Mmux_S3_rs_cy<8>)
     MUXCY:CI->O           1   0.023   0.000  Mmux_S3_rs_cy<9> (Mmux_S3_rs_cy<9>)
     MUXCY:CI->O           1   0.023   0.000  Mmux_S3_rs_cy<10> (Mmux_S3_rs_cy<10>)
     MUXCY:CI->O           1   0.023   0.000  Mmux_S3_rs_cy<11> (Mmux_S3_rs_cy<11>)
     MUXCY:CI->O           1   0.023   0.000  Mmux_S3_rs_cy<12> (Mmux_S3_rs_cy<12>)
     MUXCY:CI->O           1   0.023   0.000  Mmux_S3_rs_cy<13> (Mmux_S3_rs_cy<13>)
     MUXCY:CI->O           0   0.023   0.000  Mmux_S3_rs_cy<14> (Mmux_S3_rs_cy<14>)
     XORCY:CI->O           1   0.370   0.295  Mmux_S3_rs_xor<15> (Mmux_S3_split<15>)
     LUT6:I5->O            1   0.097   0.279  S<15>1 (S_15_OBUF)
     OBUF:I->O                 0.000          S_15_OBUF (S<15>)
    ----------------------------------------
    Total                      2.480ns (1.240ns logic, 1.240ns route)
                                       (50.0% logic, 50.0% route)

=========================================================================

Cross Clock Domains Report:
--------------------------

=========================================================================


Total REAL time to Xst completion: 42.00 secs
Total CPU time to Xst completion: 41.95 secs
 
--> 

Total memory usage is 4686544 kilobytes

Number of errors   :    0 (   0 filtered)
Number of warnings :    0 (   0 filtered)
Number of infos    :    1 (   0 filtered)

